
> client@0.0.0 build
> vite build

[36mvite v5.4.20 [32mbuilding for production...[36m[39m
transforming...
[32mÔ£ô[39m 275 modules transformed.
cmd.exe : [31mx[39m 
Build failed in 619ms
En línea: 1 Carácter: 1
+ cmd.exe /c "npm run 
build" > build_output.txt 
2>&1
+ ~~~~~~~~~~~~~~~~~~~~~~~~~
~~~~~~~~~~~~~~~~~~~~~~~~~
    + CategoryInfo         
     : NotSpecified: ([3  
  1mx[39m Build failed    
 in 619ms:String) [], R    
emoteException
    + FullyQualifiedErrorI 
   d : NativeCommandError
 
[31merror during build:
[31m[vite-plugin-pwa:build
] [plugin 
vite-plugin-pwa:build] 
src/pages/Dashboard.jsx: 
There was an error during 
the build:
  Could not resolve 
"./FinancesPage.jsx" from 
"src/pages/Dashboard.jsx"
Additionally, handling the 
error in the 'buildEnd' 
hook caused the following 
error:
  Could not resolve 
"./FinancesPage.jsx" from "
src/pages/Dashboard.jsx"[3
1m
file: [36mC:/Users/Waskar/
Desktop/RG/RG/RG/client/src
/pages/Dashboard.jsx[31m
    at getRollupError (file
:///C:/Users/Waskar/Desktop
/RG/RG/RG/client/node_modul
es/rollup/dist/es/shared/pa
rseAst.js:401:41)
    at file:///C:/Users/Was
kar/Desktop/RG/RG/RG/client
/node_modules/rollup/dist/e
s/shared/node-entry.js:2332
1:39
    at async 
catchUnfinishedHookActions 
(file:///C:/Users/Waskar/De
sktop/RG/RG/RG/client/node_
modules/rollup/dist/es/shar
ed/node-entry.js:22779:16)
    at async 
rollupInternal (file:///C:/
Users/Waskar/Desktop/RG/RG/
RG/client/node_modules/roll
up/dist/es/shared/node-entr
y.js:23304:5)
    at async build (file://
/C:/Users/Waskar/Desktop/RG
/RG/RG/client/node_modules/
vite/dist/node/chunks/dep-D
_zLpgQd.js:65708:14)
    at async 
CAC.<anonymous> (file:///C:
/Users/Waskar/Desktop/RG/RG
/RG/client/node_modules/vit
e/dist/node/cli.js:829:5)[
39m
