
> client@0.0.0 build
> vite build

[36mvite v5.4.20 [32mbuilding for production...[36m[39m
transforming...
[32mÔ£ô[39m 197 modules transformed.
node.exe : [31mx[39m 
Build failed in 699ms
En C:\Program 
Files\nodejs\npm.ps1: 
29 Carácter: 3
+   & $NODE_EXE 
$NPM_CLI_JS $args
+   ~~~~~~~~~~~~~~~~~~~
~~~~~~~~~~
    + CategoryInfo     
         : 
NotSpecified    : 
([31mx[39m Buil    d 
failed in 699ms:S    
tring) [], RemoteEx    
ception
    + 
FullyQualifiedErr    
orId : NativeComman    
dError
 
[31merror during 
build:
[31m[vite-plugin-pwa:b
uild] [plugin 
vite-plugin-pwa:build] 
src/pages/Dashboard.jsx
: There was an error 
during the build:
  Could not resolve 
"./FinancesPage.jsx" 
from "src/pages/Dashboa
rd.jsx"
Additionally, handling 
the error in the 
'buildEnd' hook caused 
the following error:
  Could not resolve 
"./FinancesPage.jsx" 
from "src/pages/Dashboa
rd.jsx"[31m
file: [36mC:/Users/Was
kar/Desktop/RG/RG/RG/cl
ient/src/pages/Dashboar
d.jsx[31m
    at getRollupError (
file:///C:/Users/Waskar
/Desktop/RG/RG/RG/clien
t/node_modules/rollup/d
ist/es/shared/parseAst.
js:401:41)
    at file:///C:/Users
/Waskar/Desktop/RG/RG/R
G/client/node_modules/r
ollup/dist/es/shared/no
de-entry.js:23321:39
    at async catchUnfin
ishedHookActions (file:
///C:/Users/Waskar/Desk
top/RG/RG/RG/client/nod
e_modules/rollup/dist/e
s/shared/node-entry.js:
22779:16)
    at async 
rollupInternal (file://
/C:/Users/Waskar/Deskto
p/RG/RG/RG/client/node_
modules/rollup/dist/es/
shared/node-entry.js:23
304:5)
    at async build (fil
e:///C:/Users/Waskar/De
sktop/RG/RG/RG/client/n
ode_modules/vite/dist/n
ode/chunks/dep-D_zLpgQd
.js:65708:14)
    at async 
CAC.<anonymous> (file:/
//C:/Users/Waskar/Deskt
op/RG/RG/RG/client/node
_modules/vite/dist/node
/cli.js:829:5)[39m
