
> client@0.0.0 build
> vite build

[36mvite v5.4.20 [32mbuilding for production...[36m[39m
transforming...
[32mÔ£ô[39m 957 modules transformed.
node.exe : [31mx[39m 
Build failed in 3.30s
En C:\Program 
Files\nodejs\npm.ps1: 
29 Carácter: 3
+   & $NODE_EXE 
$NPM_CLI_JS $args
+   ~~~~~~~~~~~~~~~~~~~
~~~~~~~~~~
    + CategoryInfo     
         : 
NotSpecified: ([3    
1mx[39m Build failed  
   in 3.30s:String) 
[], R    emoteException
    + 
FullyQualifiedErrorI   
 d : NativeCommandError
 
[31merror during 
build:
[31m[vite-plugin-pwa:b
uild] There was an 
error during the build:
  
src/pages/Finances.jsx 
(22:7): "default" is 
not exported by 
"src/service/api.js", 
imported by "src/pages/
Finances.jsx".
Additionally, handling 
the error in the 
'buildEnd' hook caused 
the following error:
  
src/pages/Finances.jsx 
(22:7): "default" is 
not exported by 
"src/service/api.js", 
imported by "src/pages/
Finances.jsx".[31m
file: [36mC:/Users/Was
kar/Desktop/RG/RG/RG/cl
ient/src/pages/Finances
.jsx:22:7[31m
[33m
20: import { 
useNavigate } from 
'react-router-dom';
21: import AlertModal 
from './pos/components/
AlertModal.jsx';
22: import api from 
'../service/api';
           ^
23: 
24: // --- REGISTRO DE 
CHART.JS ---
[31m
    at getRollupError (
file:///C:/Users/Waskar
/Desktop/RG/RG/RG/clien
t/node_modules/rollup/d
ist/es/shared/parseAst.
js:401:41)
    at file:///C:/Users
/Waskar/Desktop/RG/RG/R
G/client/node_modules/r
ollup/dist/es/shared/no
de-entry.js:23321:39
    at async catchUnfin
ishedHookActions (file:
///C:/Users/Waskar/Desk
top/RG/RG/RG/client/nod
e_modules/rollup/dist/e
s/shared/node-entry.js:
22779:16)
    at async 
rollupInternal (file://
/C:/Users/Waskar/Deskto
p/RG/RG/RG/client/node_
modules/rollup/dist/es/
shared/node-entry.js:23
304:5)
    at async build (fil
e:///C:/Users/Waskar/De
sktop/RG/RG/RG/client/n
ode_modules/vite/dist/n
ode/chunks/dep-D_zLpgQd
.js:65708:14)
    at async 
CAC.<anonymous> (file:/
//C:/Users/Waskar/Deskt
op/RG/RG/RG/client/node
_modules/vite/dist/node
/cli.js:829:5)[39m
